// Jest Snapshot v1, https://goo.gl/fbAQLP

exports[`App should have one grocery 1`] = `
<div
  className="App"
>
  <h1>
    The Grocery List
  </h1>
  <Grocery
    className="grocery"
    name="bananas"
    starred={false}
  />
</div>
`;
